Archive member included to satisfy reference by file (symbol)

/usr/lib/gcc/arm-none-eabi/13.2.1/../../../arm-none-eabi/lib/thumb/v6-m/nofp/libc_nano.a(libc_a-init.o)
                              /tmp/ccfhGwIe.o (__libc_init_array)
/usr/lib/gcc/arm-none-eabi/13.2.1/../../../arm-none-eabi/lib/thumb/v6-m/nofp/libc_nano.a(libc_a-memset.o)
                              /tmp/ccfhGwIe.o (memset)
/usr/lib/gcc/arm-none-eabi/13.2.1/../../../arm-none-eabi/lib/thumb/v6-m/nofp/libc_nano.a(libc_a-memcpy-stub.o)
                              /tmp/ccfhGwIe.o (memcpy)
/usr/lib/gcc/arm-none-eabi/13.2.1/thumb/v6-m/nofp/libgcc.a(_udivsi3.o)
                              /tmp/ccge23hf.o (__aeabi_uidiv)
/usr/lib/gcc/arm-none-eabi/13.2.1/thumb/v6-m/nofp/libgcc.a(_dvmd_tls.o)
                              /usr/lib/gcc/arm-none-eabi/13.2.1/thumb/v6-m/nofp/libgcc.a(_udivsi3.o) (__aeabi_idiv0)

Discarded input sections

 .group         0x00000000        0xc /tmp/ccge23hf.o
 .group         0x00000000        0xc /tmp/ccge23hf.o
 .group         0x00000000        0xc /tmp/ccge23hf.o
 .group         0x00000000        0xc /tmp/ccge23hf.o
 .group         0x00000000        0xc /tmp/ccge23hf.o
 .group         0x00000000        0xc /tmp/ccge23hf.o
 .group         0x00000000        0xc /tmp/ccge23hf.o
 .group         0x00000000        0xc /tmp/ccge23hf.o
 .group         0x00000000        0xc /tmp/ccge23hf.o
 .group         0x00000000        0xc /tmp/ccge23hf.o
 .group         0x00000000        0xc /tmp/ccge23hf.o
 .group         0x00000000        0xc /tmp/ccge23hf.o
 .group         0x00000000        0xc /tmp/ccge23hf.o
 .group         0x00000000        0xc /tmp/ccge23hf.o
 .group         0x00000000        0xc /tmp/ccge23hf.o
 .group         0x00000000        0xc /tmp/ccge23hf.o
 .group         0x00000000        0xc /tmp/ccge23hf.o
 .group         0x00000000        0xc /tmp/ccge23hf.o
 .group         0x00000000        0xc /tmp/ccge23hf.o
 .group         0x00000000        0xc /tmp/ccge23hf.o
 .group         0x00000000        0xc /tmp/ccge23hf.o
 .group         0x00000000        0xc /tmp/ccge23hf.o
 .group         0x00000000        0xc /tmp/ccge23hf.o
 .group         0x00000000        0xc /tmp/ccge23hf.o
 .group         0x00000000        0xc /tmp/ccge23hf.o
 .group         0x00000000        0xc /tmp/ccge23hf.o
 .group         0x00000000        0xc /tmp/ccge23hf.o
 .group         0x00000000        0xc /tmp/ccge23hf.o
 .group         0x00000000        0xc /tmp/ccge23hf.o
 .group         0x00000000        0xc /tmp/ccge23hf.o
 .group         0x00000000        0xc /tmp/ccge23hf.o
 .group         0x00000000        0xc /tmp/ccge23hf.o
 .group         0x00000000        0xc /tmp/ccge23hf.o
 .group         0x00000000        0xc /tmp/ccge23hf.o
 .group         0x00000000        0xc /tmp/ccge23hf.o
 .group         0x00000000        0xc /tmp/ccge23hf.o
 .group         0x00000000        0xc /tmp/ccge23hf.o
 .group         0x00000000        0xc /tmp/ccge23hf.o
 .group         0x00000000        0xc /tmp/ccge23hf.o
 .group         0x00000000        0xc /tmp/ccge23hf.o
 .group         0x00000000        0xc /tmp/ccge23hf.o
 .group         0x00000000        0xc /tmp/ccge23hf.o
 .group         0x00000000        0xc /tmp/ccge23hf.o
 .group         0x00000000        0xc /tmp/ccge23hf.o
 .group         0x00000000        0xc /tmp/ccge23hf.o
 .group         0x00000000        0xc /tmp/ccge23hf.o
 .group         0x00000000        0xc /tmp/ccge23hf.o
 .group         0x00000000        0xc /tmp/ccge23hf.o
 .group         0x00000000        0xc /tmp/ccge23hf.o
 .group         0x00000000        0xc /tmp/ccge23hf.o
 .group         0x00000000        0xc /tmp/ccge23hf.o
 .group         0x00000000        0xc /tmp/ccge23hf.o
 .group         0x00000000        0xc /tmp/ccge23hf.o
 .group         0x00000000        0xc /tmp/ccge23hf.o
 .group         0x00000000        0xc /tmp/ccge23hf.o
 .group         0x00000000        0xc /tmp/ccge23hf.o
 .group         0x00000000        0xc /tmp/ccge23hf.o
 .group         0x00000000        0xc /tmp/ccge23hf.o
 .group         0x00000000        0xc /tmp/ccge23hf.o
 .group         0x00000000        0xc /tmp/ccge23hf.o
 .group         0x00000000        0xc /tmp/ccge23hf.o
 .group         0x00000000        0xc /tmp/ccge23hf.o
 .group         0x00000000        0xc /tmp/ccge23hf.o
 .group         0x00000000        0xc /tmp/ccge23hf.o
 .group         0x00000000        0xc /tmp/ccge23hf.o
 .group         0x00000000        0xc /tmp/ccge23hf.o
 .group         0x00000000        0xc /tmp/ccge23hf.o
 .group         0x00000000        0xc /tmp/ccge23hf.o
 .group         0x00000000        0xc /tmp/ccge23hf.o
 .group         0x00000000        0xc /tmp/ccge23hf.o
 .group         0x00000000        0xc /tmp/ccge23hf.o
 .group         0x00000000        0xc /tmp/ccge23hf.o
 .group         0x00000000        0xc /tmp/ccge23hf.o
 .group         0x00000000        0xc /tmp/ccge23hf.o
 .group         0x00000000        0xc /tmp/ccge23hf.o
 .group         0x00000000        0xc /tmp/ccge23hf.o
 .group         0x00000000        0xc /tmp/ccge23hf.o
 .group         0x00000000        0xc /tmp/ccge23hf.o
 .group         0x00000000        0xc /tmp/ccge23hf.o
 .group         0x00000000        0xc /tmp/ccge23hf.o
 .group         0x00000000        0xc /tmp/ccge23hf.o
 .group         0x00000000        0xc /tmp/ccge23hf.o
 .group         0x00000000        0xc /tmp/ccge23hf.o
 .group         0x00000000        0xc /tmp/ccge23hf.o
 .group         0x00000000        0xc /tmp/ccge23hf.o
 .group         0x00000000        0xc /tmp/ccge23hf.o
 .group         0x00000000        0xc /tmp/ccge23hf.o
 .group         0x00000000        0xc /tmp/ccge23hf.o
 .text          0x00000000        0x0 /tmp/ccge23hf.o
 .data          0x00000000        0x0 /tmp/ccge23hf.o
 .bss           0x00000000        0x0 /tmp/ccge23hf.o
 .text.SystemInit
                0x00000000       0x44 /tmp/ccge23hf.o
 .group         0x00000000        0xc /tmp/ccfhGwIe.o
 .group         0x00000000        0xc /tmp/ccfhGwIe.o
 .group         0x00000000        0xc /tmp/ccfhGwIe.o
 .group         0x00000000        0xc /tmp/ccfhGwIe.o
 .group         0x00000000        0xc /tmp/ccfhGwIe.o
 .group         0x00000000        0xc /tmp/ccfhGwIe.o
 .group         0x00000000        0xc /tmp/ccfhGwIe.o
 .group         0x00000000        0xc /tmp/ccfhGwIe.o
 .group         0x00000000        0xc /tmp/ccfhGwIe.o
 .group         0x00000000        0xc /tmp/ccfhGwIe.o
 .group         0x00000000        0xc /tmp/ccfhGwIe.o
 .group         0x00000000        0xc /tmp/ccfhGwIe.o
 .group         0x00000000        0xc /tmp/ccfhGwIe.o
 .group         0x00000000        0xc /tmp/ccfhGwIe.o
 .group         0x00000000        0xc /tmp/ccfhGwIe.o
 .group         0x00000000        0xc /tmp/ccfhGwIe.o
 .group         0x00000000        0xc /tmp/ccfhGwIe.o
 .group         0x00000000        0xc /tmp/ccfhGwIe.o
 .group         0x00000000        0xc /tmp/ccfhGwIe.o
 .group         0x00000000        0xc /tmp/ccfhGwIe.o
 .group         0x00000000        0xc /tmp/ccfhGwIe.o
 .group         0x00000000        0xc /tmp/ccfhGwIe.o
 .group         0x00000000        0xc /tmp/ccfhGwIe.o
 .group         0x00000000        0xc /tmp/ccfhGwIe.o
 .group         0x00000000        0xc /tmp/ccfhGwIe.o
 .group         0x00000000        0xc /tmp/ccfhGwIe.o
 .group         0x00000000        0xc /tmp/ccfhGwIe.o
 .group         0x00000000        0xc /tmp/ccfhGwIe.o
 .group         0x00000000        0xc /tmp/ccfhGwIe.o
 .group         0x00000000        0xc /tmp/ccfhGwIe.o
 .group         0x00000000        0xc /tmp/ccfhGwIe.o
 .group         0x00000000        0xc /tmp/ccfhGwIe.o
 .group         0x00000000        0xc /tmp/ccfhGwIe.o
 .group         0x00000000        0xc /tmp/ccfhGwIe.o
 .group         0x00000000        0xc /tmp/ccfhGwIe.o
 .group         0x00000000        0xc /tmp/ccfhGwIe.o
 .group         0x00000000        0xc /tmp/ccfhGwIe.o
 .group         0x00000000        0xc /tmp/ccfhGwIe.o
 .group         0x00000000        0xc /tmp/ccfhGwIe.o
 .group         0x00000000        0xc /tmp/ccfhGwIe.o
 .group         0x00000000        0xc /tmp/ccfhGwIe.o
 .group         0x00000000        0xc /tmp/ccfhGwIe.o
 .group         0x00000000        0xc /tmp/ccfhGwIe.o
 .group         0x00000000        0xc /tmp/ccfhGwIe.o
 .group         0x00000000        0xc /tmp/ccfhGwIe.o
 .group         0x00000000        0xc /tmp/ccfhGwIe.o
 .group         0x00000000        0xc /tmp/ccfhGwIe.o
 .group         0x00000000        0xc /tmp/ccfhGwIe.o
 .group         0x00000000        0xc /tmp/ccfhGwIe.o
 .group         0x00000000        0xc /tmp/ccfhGwIe.o
 .group         0x00000000        0xc /tmp/ccfhGwIe.o
 .group         0x00000000        0xc /tmp/ccfhGwIe.o
 .group         0x00000000        0xc /tmp/ccfhGwIe.o
 .group         0x00000000        0xc /tmp/ccfhGwIe.o
 .group         0x00000000        0xc /tmp/ccfhGwIe.o
 .group         0x00000000        0xc /tmp/ccfhGwIe.o
 .group         0x00000000        0xc /tmp/ccfhGwIe.o
 .group         0x00000000        0xc /tmp/ccfhGwIe.o
 .group         0x00000000        0xc /tmp/ccfhGwIe.o
 .group         0x00000000        0xc /tmp/ccfhGwIe.o
 .group         0x00000000        0xc /tmp/ccfhGwIe.o
 .group         0x00000000        0xc /tmp/ccfhGwIe.o
 .group         0x00000000        0xc /tmp/ccfhGwIe.o
 .group         0x00000000        0xc /tmp/ccfhGwIe.o
 .group         0x00000000        0xc /tmp/ccfhGwIe.o
 .group         0x00000000        0xc /tmp/ccfhGwIe.o
 .group         0x00000000        0xc /tmp/ccfhGwIe.o
 .group         0x00000000        0xc /tmp/ccfhGwIe.o
 .group         0x00000000        0xc /tmp/ccfhGwIe.o
 .group         0x00000000        0xc /tmp/ccfhGwIe.o
 .group         0x00000000        0xc /tmp/ccfhGwIe.o
 .group         0x00000000        0xc /tmp/ccfhGwIe.o
 .group         0x00000000        0xc /tmp/ccfhGwIe.o
 .group         0x00000000        0xc /tmp/ccfhGwIe.o
 .group         0x00000000        0xc /tmp/ccfhGwIe.o
 .group         0x00000000        0xc /tmp/ccfhGwIe.o
 .group         0x00000000        0xc /tmp/ccfhGwIe.o
 .group         0x00000000        0xc /tmp/ccfhGwIe.o
 .text          0x00000000        0x0 /tmp/ccfhGwIe.o
 .data          0x00000000        0x0 /tmp/ccfhGwIe.o
 .bss           0x00000000        0x0 /tmp/ccfhGwIe.o
 .debug_macro   0x00000000      0xaa8 /tmp/ccfhGwIe.o
 .debug_macro   0x00000000      0x34e /tmp/ccfhGwIe.o
 .debug_macro   0x00000000       0x2e /tmp/ccfhGwIe.o
 .debug_macro   0x00000000       0x10 /tmp/ccfhGwIe.o
 .debug_macro   0x00000000       0xb4 /tmp/ccfhGwIe.o
 .debug_macro   0x00000000       0x28 /tmp/ccfhGwIe.o
 .debug_macro   0x00000000      0x4e9 /tmp/ccfhGwIe.o
 .debug_macro   0x00000000      0x11f /tmp/ccfhGwIe.o
 .debug_macro   0x00000000      0x718 /tmp/ccfhGwIe.o
 .debug_macro   0x00000000      0x95d /tmp/ccfhGwIe.o
 .debug_macro   0x00000000      0x279 /tmp/ccfhGwIe.o
 .debug_macro   0x00000000      0x222 /tmp/ccfhGwIe.o
 .debug_macro   0x00000000      0xe16 /tmp/ccfhGwIe.o
 .debug_macro   0x00000000      0x5b8 /tmp/ccfhGwIe.o
 .debug_macro   0x00000000      0x5be /tmp/ccfhGwIe.o
 .debug_macro   0x00000000      0x628 /tmp/ccfhGwIe.o
 .debug_macro   0x00000000      0x172 /tmp/ccfhGwIe.o
 .debug_macro   0x00000000      0x25c /tmp/ccfhGwIe.o
 .debug_macro   0x00000000      0x46b /tmp/ccfhGwIe.o
 .debug_macro   0x00000000      0x21c /tmp/ccfhGwIe.o
 .debug_macro   0x00000000      0x76c /tmp/ccfhGwIe.o
 .debug_macro   0x00000000      0x7c4 /tmp/ccfhGwIe.o
 .debug_macro   0x00000000      0x291 /tmp/ccfhGwIe.o
 .debug_macro   0x00000000      0x5f5 /tmp/ccfhGwIe.o
 .debug_macro   0x00000000      0x1c6 /tmp/ccfhGwIe.o
 .debug_macro   0x00000000      0x30a /tmp/ccfhGwIe.o
 .debug_macro   0x00000000       0xac /tmp/ccfhGwIe.o
 .debug_macro   0x00000000     0x1c53 /tmp/ccfhGwIe.o
 .debug_macro   0x00000000      0xff6 /tmp/ccfhGwIe.o
 .debug_macro   0x00000000      0xd45 /tmp/ccfhGwIe.o
 .debug_macro   0x00000000      0x877 /tmp/ccfhGwIe.o
 .debug_macro   0x00000000      0x9c1 /tmp/ccfhGwIe.o
 .debug_macro   0x00000000      0x8b2 /tmp/ccfhGwIe.o
 .debug_macro   0x00000000     0x19c2 /tmp/ccfhGwIe.o
 .debug_macro   0x00000000       0xe7 /tmp/ccfhGwIe.o
 .debug_macro   0x00000000      0xb7c /tmp/ccfhGwIe.o
 .debug_macro   0x00000000      0x36e /tmp/ccfhGwIe.o
 .debug_macro   0x00000000       0x7c /tmp/ccfhGwIe.o
 .debug_macro   0x00000000       0xac /tmp/ccfhGwIe.o
 .debug_macro   0x00000000       0xca /tmp/ccfhGwIe.o
 .debug_macro   0x00000000       0x4c /tmp/ccfhGwIe.o
 .debug_macro   0x00000000       0xdc /tmp/ccfhGwIe.o
 .debug_macro   0x00000000       0xb2 /tmp/ccfhGwIe.o
 .debug_macro   0x00000000       0x64 /tmp/ccfhGwIe.o
 .debug_macro   0x00000000      0x469 /tmp/ccfhGwIe.o
 .debug_macro   0x00000000       0x4c /tmp/ccfhGwIe.o
 .debug_macro   0x00000000      0x14d /tmp/ccfhGwIe.o
 .debug_macro   0x00000000       0x5e /tmp/ccfhGwIe.o
 .debug_macro   0x00000000       0xa0 /tmp/ccfhGwIe.o
 .debug_macro   0x00000000       0xc4 /tmp/ccfhGwIe.o
 .debug_macro   0x00000000       0xb2 /tmp/ccfhGwIe.o
 .debug_macro   0x00000000       0x4c /tmp/ccfhGwIe.o
 .debug_macro   0x00000000       0x64 /tmp/ccfhGwIe.o
 .debug_macro   0x00000000       0x40 /tmp/ccfhGwIe.o
 .debug_macro   0x00000000      0x1de /tmp/ccfhGwIe.o
 .debug_macro   0x00000000       0x22 /tmp/ccfhGwIe.o
 .debug_macro   0x00000000      0x162 /tmp/ccfhGwIe.o
 .debug_macro   0x00000000      0x174 /tmp/ccfhGwIe.o
 .debug_macro   0x00000000      0x174 /tmp/ccfhGwIe.o
 .debug_macro   0x00000000      0x174 /tmp/ccfhGwIe.o
 .debug_macro   0x00000000      0x174 /tmp/ccfhGwIe.o
 .debug_macro   0x00000000      0x174 /tmp/ccfhGwIe.o
 .debug_macro   0x00000000      0x174 /tmp/ccfhGwIe.o
 .debug_macro   0x00000000      0x11f /tmp/ccfhGwIe.o
 .debug_macro   0x00000000       0x5e /tmp/ccfhGwIe.o
 .debug_macro   0x00000000      0x16c /tmp/ccfhGwIe.o
 .debug_macro   0x00000000       0xfa /tmp/ccfhGwIe.o
 .debug_macro   0x00000000       0xfa /tmp/ccfhGwIe.o
 .debug_macro   0x00000000       0xfa /tmp/ccfhGwIe.o
 .debug_macro   0x00000000       0xfa /tmp/ccfhGwIe.o
 .debug_macro   0x00000000      0x124 /tmp/ccfhGwIe.o
 .debug_macro   0x00000000       0x2e /tmp/ccfhGwIe.o
 .debug_macro   0x00000000      0x1fe /tmp/ccfhGwIe.o
 .debug_macro   0x00000000       0x3a /tmp/ccfhGwIe.o
 .debug_macro   0x00000000      0x417 /tmp/ccfhGwIe.o
 .debug_macro   0x00000000     0x2eb7 /tmp/ccfhGwIe.o
 .debug_macro   0x00000000       0x6d /tmp/ccfhGwIe.o
 .group         0x00000000        0xc /tmp/cc47givJ.o
 .group         0x00000000        0xc /tmp/cc47givJ.o
 .group         0x00000000        0xc /tmp/cc47givJ.o
 .group         0x00000000        0xc /tmp/cc47givJ.o
 .group         0x00000000        0xc /tmp/cc47givJ.o
 .group         0x00000000        0xc /tmp/cc47givJ.o
 .group         0x00000000        0xc /tmp/cc47givJ.o
 .group         0x00000000        0xc /tmp/cc47givJ.o
 .group         0x00000000        0xc /tmp/cc47givJ.o
 .group         0x00000000        0xc /tmp/cc47givJ.o
 .group         0x00000000        0xc /tmp/cc47givJ.o
 .group         0x00000000        0xc /tmp/cc47givJ.o
 .group         0x00000000        0xc /tmp/cc47givJ.o
 .group         0x00000000        0xc /tmp/cc47givJ.o
 .group         0x00000000        0xc /tmp/cc47givJ.o
 .group         0x00000000        0xc /tmp/cc47givJ.o
 .group         0x00000000        0xc /tmp/cc47givJ.o
 .group         0x00000000        0xc /tmp/cc47givJ.o
 .group         0x00000000        0xc /tmp/cc47givJ.o
 .group         0x00000000        0xc /tmp/cc47givJ.o
 .group         0x00000000        0xc /tmp/cc47givJ.o
 .group         0x00000000        0xc /tmp/cc47givJ.o
 .group         0x00000000        0xc /tmp/cc47givJ.o
 .group         0x00000000        0xc /tmp/cc47givJ.o
 .group         0x00000000        0xc /tmp/cc47givJ.o
 .group         0x00000000        0xc /tmp/cc47givJ.o
 .group         0x00000000        0xc /tmp/cc47givJ.o
 .group         0x00000000        0xc /tmp/cc47givJ.o
 .group         0x00000000        0xc /tmp/cc47givJ.o
 .group         0x00000000        0xc /tmp/cc47givJ.o
 .group         0x00000000        0xc /tmp/cc47givJ.o
 .group         0x00000000        0xc /tmp/cc47givJ.o
 .group         0x00000000        0xc /tmp/cc47givJ.o
 .group         0x00000000        0xc /tmp/cc47givJ.o
 .group         0x00000000        0xc /tmp/cc47givJ.o
 .group         0x00000000        0xc /tmp/cc47givJ.o
 .group         0x00000000        0xc /tmp/cc47givJ.o
 .group         0x00000000        0xc /tmp/cc47givJ.o
 .group         0x00000000        0xc /tmp/cc47givJ.o
 .group         0x00000000        0xc /tmp/cc47givJ.o
 .group         0x00000000        0xc /tmp/cc47givJ.o
 .text          0x00000000        0x0 /tmp/cc47givJ.o
 .data          0x00000000        0x0 /tmp/cc47givJ.o
 .bss           0x00000000        0x0 /tmp/cc47givJ.o
 .text._sbrk    0x00000000       0x20 /tmp/cc47givJ.o
 .text.link     0x00000000        0x6 /tmp/cc47givJ.o
 .text._close   0x00000000        0x6 /tmp/cc47givJ.o
 .text._fstat   0x00000000        0xa /tmp/cc47givJ.o
 .text._isatty  0x00000000        0x4 /tmp/cc47givJ.o
 .text._lseek   0x00000000        0x4 /tmp/cc47givJ.o
 .text._exit    0x00000000        0x4 /tmp/cc47givJ.o
 .text._kill    0x00000000        0x2 /tmp/cc47givJ.o
 .text._getpid  0x00000000        0x6 /tmp/cc47givJ.o
 .bss.heap.0    0x00000000        0x4 /tmp/cc47givJ.o
 .debug_macro   0x00000000      0xaa8 /tmp/cc47givJ.o
 .debug_macro   0x00000000       0x22 /tmp/cc47givJ.o
 .debug_macro   0x00000000       0x54 /tmp/cc47givJ.o
 .debug_macro   0x00000000       0x24 /tmp/cc47givJ.o
 .debug_macro   0x00000000       0x94 /tmp/cc47givJ.o
 .debug_macro   0x00000000       0x43 /tmp/cc47givJ.o
 .data          0x00000000        0x0 /usr/lib/gcc/arm-none-eabi/13.2.1/../../../arm-none-eabi/lib/thumb/v6-m/nofp/libc_nano.a(libc_a-init.o)
 .bss           0x00000000        0x0 /usr/lib/gcc/arm-none-eabi/13.2.1/../../../arm-none-eabi/lib/thumb/v6-m/nofp/libc_nano.a(libc_a-init.o)
 .data          0x00000000        0x0 /usr/lib/gcc/arm-none-eabi/13.2.1/../../../arm-none-eabi/lib/thumb/v6-m/nofp/libc_nano.a(libc_a-memset.o)
 .bss           0x00000000        0x0 /usr/lib/gcc/arm-none-eabi/13.2.1/../../../arm-none-eabi/lib/thumb/v6-m/nofp/libc_nano.a(libc_a-memset.o)
 .data          0x00000000        0x0 /usr/lib/gcc/arm-none-eabi/13.2.1/../../../arm-none-eabi/lib/thumb/v6-m/nofp/libc_nano.a(libc_a-memcpy-stub.o)
 .bss           0x00000000        0x0 /usr/lib/gcc/arm-none-eabi/13.2.1/../../../arm-none-eabi/lib/thumb/v6-m/nofp/libc_nano.a(libc_a-memcpy-stub.o)
 .text          0x00000000      0x114 /usr/lib/gcc/arm-none-eabi/13.2.1/thumb/v6-m/nofp/libgcc.a(_udivsi3.o)
 .data          0x00000000        0x0 /usr/lib/gcc/arm-none-eabi/13.2.1/thumb/v6-m/nofp/libgcc.a(_udivsi3.o)
 .bss           0x00000000        0x0 /usr/lib/gcc/arm-none-eabi/13.2.1/thumb/v6-m/nofp/libgcc.a(_udivsi3.o)
 .debug_frame   0x00000000       0x20 /usr/lib/gcc/arm-none-eabi/13.2.1/thumb/v6-m/nofp/libgcc.a(_udivsi3.o)
 .debug_line    0x00000000       0x56 /usr/lib/gcc/arm-none-eabi/13.2.1/thumb/v6-m/nofp/libgcc.a(_udivsi3.o)
 .debug_line_str
                0x00000000       0x97 /usr/lib/gcc/arm-none-eabi/13.2.1/thumb/v6-m/nofp/libgcc.a(_udivsi3.o)
 .debug_info    0x00000000       0x3e /usr/lib/gcc/arm-none-eabi/13.2.1/thumb/v6-m/nofp/libgcc.a(_udivsi3.o)
 .debug_abbrev  0x00000000       0x28 /usr/lib/gcc/arm-none-eabi/13.2.1/thumb/v6-m/nofp/libgcc.a(_udivsi3.o)
 .debug_aranges
                0x00000000       0x20 /usr/lib/gcc/arm-none-eabi/13.2.1/thumb/v6-m/nofp/libgcc.a(_udivsi3.o)
 .debug_str     0x00000000       0xbe /usr/lib/gcc/arm-none-eabi/13.2.1/thumb/v6-m/nofp/libgcc.a(_udivsi3.o)
 .ARM.attributes
                0x00000000       0x1e /usr/lib/gcc/arm-none-eabi/13.2.1/thumb/v6-m/nofp/libgcc.a(_udivsi3.o)
 .text          0x00000000        0x4 /usr/lib/gcc/arm-none-eabi/13.2.1/thumb/v6-m/nofp/libgcc.a(_dvmd_tls.o)
 .data          0x00000000        0x0 /usr/lib/gcc/arm-none-eabi/13.2.1/thumb/v6-m/nofp/libgcc.a(_dvmd_tls.o)
 .bss           0x00000000        0x0 /usr/lib/gcc/arm-none-eabi/13.2.1/thumb/v6-m/nofp/libgcc.a(_dvmd_tls.o)
 .debug_line    0x00000000       0x4a /usr/lib/gcc/arm-none-eabi/13.2.1/thumb/v6-m/nofp/libgcc.a(_dvmd_tls.o)
 .debug_line_str
                0x00000000       0x97 /usr/lib/gcc/arm-none-eabi/13.2.1/thumb/v6-m/nofp/libgcc.a(_dvmd_tls.o)
 .debug_info    0x00000000       0x3c /usr/lib/gcc/arm-none-eabi/13.2.1/thumb/v6-m/nofp/libgcc.a(_dvmd_tls.o)
 .debug_abbrev  0x00000000       0x26 /usr/lib/gcc/arm-none-eabi/13.2.1/thumb/v6-m/nofp/libgcc.a(_dvmd_tls.o)
 .debug_aranges
                0x00000000       0x20 /usr/lib/gcc/arm-none-eabi/13.2.1/thumb/v6-m/nofp/libgcc.a(_dvmd_tls.o)
 .debug_str     0x00000000       0xbf /usr/lib/gcc/arm-none-eabi/13.2.1/thumb/v6-m/nofp/libgcc.a(_dvmd_tls.o)
 .ARM.attributes
                0x00000000       0x1e /usr/lib/gcc/arm-none-eabi/13.2.1/thumb/v6-m/nofp/libgcc.a(_dvmd_tls.o)

Memory Configuration

Name             Origin             Length             Attributes
rom              0x00000000         0x00040000         xr
ram              0x20000000         0x00008000         xrw
*default*        0x00000000         0xffffffff

Linker script and memory map

LOAD /tmp/ccge23hf.o
LOAD /tmp/ccfhGwIe.o
LOAD /tmp/cc47givJ.o
LOAD /usr/lib/gcc/arm-none-eabi/13.2.1/../../../arm-none-eabi/lib/thumb/v6-m/nofp/libc_nano.a
LOAD /usr/lib/gcc/arm-none-eabi/13.2.1/thumb/v6-m/nofp/libgcc.a
                0x00002000                        STACK_SIZE = DEFINED (STACK_SIZE)?STACK_SIZE:DEFINED (__stack_size__)?__stack_size__:0x2000

.text           0x00000000      0x318
                0x00000000                        . = ALIGN (0x4)
                0x00000000                        _sfixed = .
 *(.vectors .vectors.*)
 .vectors       0x00000000       0xa8 /tmp/ccfhGwIe.o
                0x00000000                exception_table
 *(.text .text.* .gnu.linkonce.t.*)
 .text.SysTick_Handler
                0x000000a8       0x10 /tmp/ccge23hf.o
                0x000000a8                SysTick_Handler
 .text.timer_expired
                0x000000b8       0x28 /tmp/ccge23hf.o
                0x000000b8                timer_expired
 .text.startup.main
                0x000000e0       0x44 /tmp/ccge23hf.o
                0x000000e0                main
 .text.Dummy_Handler
                0x00000124        0x2 /tmp/ccfhGwIe.o
                0x00000124                DMAC_Handler
                0x00000124                TRNG_Handler
                0x00000124                HardFault_Handler
                0x00000124                TC2_Handler
                0x00000124                AC_Handler
                0x00000124                PendSV_Handler
                0x00000124                NMI_Handler
                0x00000124                SERCOM1_Handler
                0x00000124                ADC_Handler
                0x00000124                SERCOM2_Handler
                0x00000124                TCC0_Handler
                0x00000124                RTC_Handler
                0x00000124                EIC_Handler
                0x00000124                WDT_Handler
                0x00000124                TC1_Handler
                0x00000124                USB_Handler
                0x00000124                TC3_Handler
                0x00000124                Dummy_Handler
                0x00000124                SERCOM5_Handler
                0x00000124                SVC_Handler
                0x00000124                EVSYS_Handler
                0x00000124                SERCOM3_Handler
                0x00000124                SERCOM4_Handler
                0x00000124                NVMCTRL_Handler
                0x00000124                SYSTEM_Handler
                0x00000124                SERCOM0_Handler
                0x00000124                PTC_Handler
                0x00000124                FREQM_Handler
                0x00000124                TC0_Handler
                0x00000124                SLCD_Handler
                0x00000124                AES_Handler
 *fill*         0x00000126        0x2 
 .text.Reset_Handler
                0x00000128       0x70 /tmp/ccfhGwIe.o
                0x00000128                Reset_Handler
 .text._init    0x00000198        0x2 /tmp/cc47givJ.o
                0x00000198                _init
 *fill*         0x0000019a        0x2 
 .text          0x0000019c       0x48 /usr/lib/gcc/arm-none-eabi/13.2.1/../../../arm-none-eabi/lib/thumb/v6-m/nofp/libc_nano.a(libc_a-init.o)
                0x0000019c                __libc_init_array
 .text          0x000001e4       0xa8 /usr/lib/gcc/arm-none-eabi/13.2.1/../../../arm-none-eabi/lib/thumb/v6-m/nofp/libc_nano.a(libc_a-memset.o)
                0x000001e4                memset
 .text          0x0000028c       0x8c /usr/lib/gcc/arm-none-eabi/13.2.1/../../../arm-none-eabi/lib/thumb/v6-m/nofp/libc_nano.a(libc_a-memcpy-stub.o)
                0x0000028c                memcpy
 *(.glue_7t)
 .glue_7t       0x00000318        0x0 linker stubs
 *(.glue_7)
 .glue_7        0x00000318        0x0 linker stubs
 *(.rodata .rodata* .gnu.linkonce.r.*)
 *(.ARM.extab* .gnu.linkonce.armextab.*)
                0x00000318                        . = ALIGN (0x4)
 *(.init)
                0x00000318                        . = ALIGN (0x4)
                0x00000318                        __preinit_array_start = .
 *(.preinit_array)
                0x00000318                        __preinit_array_end = .
                0x00000318                        . = ALIGN (0x4)
                0x00000318                        __init_array_start = .
 *(SORT_BY_NAME(.init_array.*))
 *(.init_array)
                0x00000318                        __init_array_end = .
                0x00000318                        . = ALIGN (0x4)
 *crtbegin.o(.ctors)
 *(EXCLUDE_FILE(*crtend.o) .ctors)
 *(SORT_BY_NAME(.ctors.*))
 *crtend.o(.ctors)
                0x00000318                        . = ALIGN (0x4)
 *(.fini)
                0x00000318                        . = ALIGN (0x4)
                0x00000318                        __fini_array_start = .
 *(.fini_array)
 *(SORT_BY_NAME(.fini_array.*))
                0x00000318                        __fini_array_end = .
 *crtbegin.o(.dtors)
 *(EXCLUDE_FILE(*crtend.o) .dtors)
 *(SORT_BY_NAME(.dtors.*))
 *crtend.o(.dtors)
                0x00000318                        . = ALIGN (0x4)
                0x00000318                        _efixed = .
                [!provide]                        PROVIDE (__exidx_start = .)

.vfp11_veneer   0x00000318        0x0
 .vfp11_veneer  0x00000318        0x0 linker stubs

.v4_bx          0x00000318        0x0
 .v4_bx         0x00000318        0x0 linker stubs

.iplt           0x00000318        0x0
 .iplt          0x00000318        0x0 /tmp/ccge23hf.o

.igot.plt       0x00000318        0x0
 .igot.plt      0x00000318        0x0 /tmp/ccge23hf.o

.rel.dyn        0x00000318        0x0
 .rel.iplt      0x00000318        0x0 /tmp/ccge23hf.o

.ARM.exidx
 *(.ARM.exidx* .gnu.linkonce.armexidx.*)
                [!provide]                        PROVIDE (__exidx_end = .)
                0x00000318                        . = ALIGN (0x4)
                0x00000318                        _etext = .

.relocate       0x20000000        0x0 load address 0x00000318
                0x20000000                        . = ALIGN (0x4)
                0x20000000                        _srelocate = .
 *(.ramfunc .ramfunc.*)
 *(.data .data.*)
                0x20000000                        . = ALIGN (0x4)
                0x20000000                        _erelocate = .

.bss            0x20000000        0x4
                0x20000000                        . = ALIGN (0x4)
                0x20000000                        _sbss = .
                0x20000000                        _szero = .
 *(.bss .bss.*)
 .bss.s_ticks   0x20000000        0x4 /tmp/ccge23hf.o
 *(COMMON)
                0x20000004                        . = ALIGN (0x4)
                0x20000004                        _ebss = .
                0x20000004                        _ezero = .

.stack          0x20000004     0x2004
                0x20000008                        . = ALIGN (0x8)
 *fill*         0x20000004        0x4 
                0x20000008                        _sstack = .
                0x20002008                        . = (. + STACK_SIZE)
 *fill*         0x20000008     0x2000 
                0x20002008                        . = ALIGN (0x8)
                0x20002008                        _estack = .
                0x20002008                        . = ALIGN (0x4)
                0x20002008                        _end = .
OUTPUT(firmware.elf elf32-littlearm)
LOAD linker stubs

.debug_info     0x00000000     0x1765
 .debug_info    0x00000000      0xb48 /tmp/ccge23hf.o
 .debug_info    0x00000b48      0x405 /tmp/ccfhGwIe.o
 .debug_info    0x00000f4d      0x486 /tmp/cc47givJ.o
 .debug_info    0x000013d3      0x10b /usr/lib/gcc/arm-none-eabi/13.2.1/../../../arm-none-eabi/lib/thumb/v6-m/nofp/libc_nano.a(libc_a-init.o)
 .debug_info    0x000014de      0x135 /usr/lib/gcc/arm-none-eabi/13.2.1/../../../arm-none-eabi/lib/thumb/v6-m/nofp/libc_nano.a(libc_a-memset.o)
 .debug_info    0x00001613      0x152 /usr/lib/gcc/arm-none-eabi/13.2.1/../../../arm-none-eabi/lib/thumb/v6-m/nofp/libc_nano.a(libc_a-memcpy-stub.o)

.debug_abbrev   0x00000000      0x8df
 .debug_abbrev  0x00000000      0x35b /tmp/ccge23hf.o
 .debug_abbrev  0x0000035b      0x197 /tmp/ccfhGwIe.o
 .debug_abbrev  0x000004f2      0x1a3 /tmp/cc47givJ.o
 .debug_abbrev  0x00000695       0xc9 /usr/lib/gcc/arm-none-eabi/13.2.1/../../../arm-none-eabi/lib/thumb/v6-m/nofp/libc_nano.a(libc_a-init.o)
 .debug_abbrev  0x0000075e       0xb7 /usr/lib/gcc/arm-none-eabi/13.2.1/../../../arm-none-eabi/lib/thumb/v6-m/nofp/libc_nano.a(libc_a-memset.o)
 .debug_abbrev  0x00000815       0xca /usr/lib/gcc/arm-none-eabi/13.2.1/../../../arm-none-eabi/lib/thumb/v6-m/nofp/libc_nano.a(libc_a-memcpy-stub.o)

.debug_loclists
                0x00000000      0x66f
 .debug_loclists
                0x00000000       0xbc /tmp/ccge23hf.o
 .debug_loclists
                0x000000bc       0xcc /tmp/cc47givJ.o
 .debug_loclists
                0x00000188       0x5a /usr/lib/gcc/arm-none-eabi/13.2.1/../../../arm-none-eabi/lib/thumb/v6-m/nofp/libc_nano.a(libc_a-init.o)
 .debug_loclists
                0x000001e2      0x1c6 /usr/lib/gcc/arm-none-eabi/13.2.1/../../../arm-none-eabi/lib/thumb/v6-m/nofp/libc_nano.a(libc_a-memset.o)
 .debug_loclists
                0x000003a8      0x2c7 /usr/lib/gcc/arm-none-eabi/13.2.1/../../../arm-none-eabi/lib/thumb/v6-m/nofp/libc_nano.a(libc_a-memcpy-stub.o)

.debug_aranges  0x00000000      0x128
 .debug_aranges
                0x00000000       0x38 /tmp/ccge23hf.o
 .debug_aranges
                0x00000038       0x28 /tmp/ccfhGwIe.o
 .debug_aranges
                0x00000060       0x68 /tmp/cc47givJ.o
 .debug_aranges
                0x000000c8       0x20 /usr/lib/gcc/arm-none-eabi/13.2.1/../../../arm-none-eabi/lib/thumb/v6-m/nofp/libc_nano.a(libc_a-init.o)
 .debug_aranges
                0x000000e8       0x20 /usr/lib/gcc/arm-none-eabi/13.2.1/../../../arm-none-eabi/lib/thumb/v6-m/nofp/libc_nano.a(libc_a-memset.o)
 .debug_aranges
                0x00000108       0x20 /usr/lib/gcc/arm-none-eabi/13.2.1/../../../arm-none-eabi/lib/thumb/v6-m/nofp/libc_nano.a(libc_a-memcpy-stub.o)

.debug_rnglists
                0x00000000       0xc0
 .debug_rnglists
                0x00000000       0x5e /tmp/ccge23hf.o
 .debug_rnglists
                0x0000005e       0x19 /tmp/ccfhGwIe.o
 .debug_rnglists
                0x00000077       0x49 /tmp/cc47givJ.o

.debug_macro    0x00000000    0x165f4
 .debug_macro   0x00000000      0x3c9 /tmp/ccge23hf.o
 .debug_macro   0x000003c9      0xaa8 /tmp/ccge23hf.o
 .debug_macro   0x00000e71       0x22 /tmp/ccge23hf.o
 .debug_macro   0x00000e93       0x54 /tmp/ccge23hf.o
 .debug_macro   0x00000ee7       0x24 /tmp/ccge23hf.o
 .debug_macro   0x00000f0b       0x94 /tmp/ccge23hf.o
 .debug_macro   0x00000f9f       0x43 /tmp/ccge23hf.o
 .debug_macro   0x00000fe2      0x103 /tmp/ccge23hf.o
 .debug_macro   0x000010e5       0x3a /tmp/ccge23hf.o
 .debug_macro   0x0000111f      0x34e /tmp/ccge23hf.o
 .debug_macro   0x0000146d       0x89 /tmp/ccge23hf.o
 .debug_macro   0x000014f6      0x379 /tmp/ccge23hf.o
 .debug_macro   0x0000186f       0x22 /tmp/ccge23hf.o
 .debug_macro   0x00001891       0x40 /tmp/ccge23hf.o
 .debug_macro   0x000018d1       0x2e /tmp/ccge23hf.o
 .debug_macro   0x000018ff       0x10 /tmp/ccge23hf.o
 .debug_macro   0x0000190f       0xb4 /tmp/ccge23hf.o
 .debug_macro   0x000019c3       0x28 /tmp/ccge23hf.o
 .debug_macro   0x000019eb      0x4e9 /tmp/ccge23hf.o
 .debug_macro   0x00001ed4      0x11f /tmp/ccge23hf.o
 .debug_macro   0x00001ff3      0x718 /tmp/ccge23hf.o
 .debug_macro   0x0000270b      0x95d /tmp/ccge23hf.o
 .debug_macro   0x00003068      0x279 /tmp/ccge23hf.o
 .debug_macro   0x000032e1      0x222 /tmp/ccge23hf.o
 .debug_macro   0x00003503      0xe16 /tmp/ccge23hf.o
 .debug_macro   0x00004319      0x5b8 /tmp/ccge23hf.o
 .debug_macro   0x000048d1      0x5be /tmp/ccge23hf.o
 .debug_macro   0x00004e8f      0x628 /tmp/ccge23hf.o
 .debug_macro   0x000054b7      0x172 /tmp/ccge23hf.o
 .debug_macro   0x00005629      0x25c /tmp/ccge23hf.o
 .debug_macro   0x00005885      0x46b /tmp/ccge23hf.o
 .debug_macro   0x00005cf0      0x21c /tmp/ccge23hf.o
 .debug_macro   0x00005f0c      0x76c /tmp/ccge23hf.o
 .debug_macro   0x00006678      0x7c4 /tmp/ccge23hf.o
 .debug_macro   0x00006e3c      0x291 /tmp/ccge23hf.o
 .debug_macro   0x000070cd      0x5f5 /tmp/ccge23hf.o
 .debug_macro   0x000076c2      0x1c6 /tmp/ccge23hf.o
 .debug_macro   0x00007888      0x30a /tmp/ccge23hf.o
 .debug_macro   0x00007b92       0xac /tmp/ccge23hf.o
 .debug_macro   0x00007c3e     0x1c53 /tmp/ccge23hf.o
 .debug_macro   0x00009891      0xff6 /tmp/ccge23hf.o
 .debug_macro   0x0000a887      0xd45 /tmp/ccge23hf.o
 .debug_macro   0x0000b5cc      0x877 /tmp/ccge23hf.o
 .debug_macro   0x0000be43      0x9c1 /tmp/ccge23hf.o
 .debug_macro   0x0000c804      0x8b2 /tmp/ccge23hf.o
 .debug_macro   0x0000d0b6     0x19c2 /tmp/ccge23hf.o
 .debug_macro   0x0000ea78       0xe7 /tmp/ccge23hf.o
 .debug_macro   0x0000eb5f      0xb7c /tmp/ccge23hf.o
 .debug_macro   0x0000f6db      0x36e /tmp/ccge23hf.o
 .debug_macro   0x0000fa49       0x7c /tmp/ccge23hf.o
 .debug_macro   0x0000fac5       0xac /tmp/ccge23hf.o
 .debug_macro   0x0000fb71       0xca /tmp/ccge23hf.o
 .debug_macro   0x0000fc3b       0x4c /tmp/ccge23hf.o
 .debug_macro   0x0000fc87       0xdc /tmp/ccge23hf.o
 .debug_macro   0x0000fd63       0xb2 /tmp/ccge23hf.o
 .debug_macro   0x0000fe15       0x64 /tmp/ccge23hf.o
 .debug_macro   0x0000fe79      0x469 /tmp/ccge23hf.o
 .debug_macro   0x000102e2       0x4c /tmp/ccge23hf.o
 .debug_macro   0x0001032e      0x14d /tmp/ccge23hf.o
 .debug_macro   0x0001047b       0x5e /tmp/ccge23hf.o
 .debug_macro   0x000104d9       0xa0 /tmp/ccge23hf.o
 .debug_macro   0x00010579       0xc4 /tmp/ccge23hf.o
 .debug_macro   0x0001063d       0xb2 /tmp/ccge23hf.o
 .debug_macro   0x000106ef       0x4c /tmp/ccge23hf.o
 .debug_macro   0x0001073b       0x64 /tmp/ccge23hf.o
 .debug_macro   0x0001079f       0x40 /tmp/ccge23hf.o
 .debug_macro   0x000107df      0x1de /tmp/ccge23hf.o
 .debug_macro   0x000109bd       0x22 /tmp/ccge23hf.o
 .debug_macro   0x000109df      0x162 /tmp/ccge23hf.o
 .debug_macro   0x00010b41      0x174 /tmp/ccge23hf.o
 .debug_macro   0x00010cb5      0x174 /tmp/ccge23hf.o
 .debug_macro   0x00010e29      0x174 /tmp/ccge23hf.o
 .debug_macro   0x00010f9d      0x174 /tmp/ccge23hf.o
 .debug_macro   0x00011111      0x174 /tmp/ccge23hf.o
 .debug_macro   0x00011285      0x174 /tmp/ccge23hf.o
 .debug_macro   0x000113f9      0x11f /tmp/ccge23hf.o
 .debug_macro   0x00011518       0x5e /tmp/ccge23hf.o
 .debug_macro   0x00011576      0x16c /tmp/ccge23hf.o
 .debug_macro   0x000116e2       0xfa /tmp/ccge23hf.o
 .debug_macro   0x000117dc       0xfa /tmp/ccge23hf.o
 .debug_macro   0x000118d6       0xfa /tmp/ccge23hf.o
 .debug_macro   0x000119d0       0xfa /tmp/ccge23hf.o
 .debug_macro   0x00011aca      0x124 /tmp/ccge23hf.o
 .debug_macro   0x00011bee       0x2e /tmp/ccge23hf.o
 .debug_macro   0x00011c1c      0x1fe /tmp/ccge23hf.o
 .debug_macro   0x00011e1a       0x3a /tmp/ccge23hf.o
 .debug_macro   0x00011e54      0x417 /tmp/ccge23hf.o
 .debug_macro   0x0001226b     0x2eb7 /tmp/ccge23hf.o
 .debug_macro   0x00015122       0x6d /tmp/ccge23hf.o
 .debug_macro   0x0001518f      0x33b /tmp/ccfhGwIe.o
 .debug_macro   0x000154ca       0x3a /tmp/ccfhGwIe.o
 .debug_macro   0x00015504      0x1f1 /tmp/cc47givJ.o
 .debug_macro   0x000156f5       0x34 /tmp/cc47givJ.o
 .debug_macro   0x00015729       0x16 /tmp/cc47givJ.o
 .debug_macro   0x0001573f       0x57 /tmp/cc47givJ.o
 .debug_macro   0x00015796       0x9e /tmp/cc47givJ.o
 .debug_macro   0x00015834      0x370 /tmp/cc47givJ.o
 .debug_macro   0x00015ba4      0x112 /tmp/cc47givJ.o
 .debug_macro   0x00015cb6       0x10 /tmp/cc47givJ.o
 .debug_macro   0x00015cc6       0x16 /tmp/cc47givJ.o
 .debug_macro   0x00015cdc       0x4a /tmp/cc47givJ.o
 .debug_macro   0x00015d26       0x34 /tmp/cc47givJ.o
 .debug_macro   0x00015d5a       0x10 /tmp/cc47givJ.o
 .debug_macro   0x00015d6a       0x52 /tmp/cc47givJ.o
 .debug_macro   0x00015dbc       0x8e /tmp/cc47givJ.o
 .debug_macro   0x00015e4a       0x1c /tmp/cc47givJ.o
 .debug_macro   0x00015e66      0x177 /tmp/cc47givJ.o
 .debug_macro   0x00015fdd       0x16 /tmp/cc47givJ.o
 .debug_macro   0x00015ff3       0x16 /tmp/cc47givJ.o
 .debug_macro   0x00016009      0x146 /tmp/cc47givJ.o
 .debug_macro   0x0001614f       0x4c /tmp/cc47givJ.o
 .debug_macro   0x0001619b       0x10 /tmp/cc47givJ.o
 .debug_macro   0x000161ab       0x6a /tmp/cc47givJ.o
 .debug_macro   0x00016215       0x1c /tmp/cc47givJ.o
 .debug_macro   0x00016231       0x52 /tmp/cc47givJ.o
 .debug_macro   0x00016283       0x22 /tmp/cc47givJ.o
 .debug_macro   0x000162a5       0x10 /tmp/cc47givJ.o
 .debug_macro   0x000162b5       0x52 /tmp/cc47givJ.o
 .debug_macro   0x00016307       0xc1 /tmp/cc47givJ.o
 .debug_macro   0x000163c8       0x1c /tmp/cc47givJ.o
 .debug_macro   0x000163e4       0x3d /tmp/cc47givJ.o
 .debug_macro   0x00016421       0x16 /tmp/cc47givJ.o
 .debug_macro   0x00016437       0x3c /tmp/cc47givJ.o
 .debug_macro   0x00016473       0x10 /tmp/cc47givJ.o
 .debug_macro   0x00016483       0x10 /tmp/cc47givJ.o
 .debug_macro   0x00016493       0x35 /tmp/cc47givJ.o
 .debug_macro   0x000164c8      0x12c /tmp/cc47givJ.o

.debug_line     0x00000000     0x14e4
 .debug_line    0x00000000      0x74c /tmp/ccge23hf.o
 .debug_line    0x0000074c      0x529 /tmp/ccfhGwIe.o
 .debug_line    0x00000c75      0x3c6 /tmp/cc47givJ.o
 .debug_line    0x0000103b      0x105 /usr/lib/gcc/arm-none-eabi/13.2.1/../../../arm-none-eabi/lib/thumb/v6-m/nofp/libc_nano.a(libc_a-init.o)
 .debug_line    0x00001140      0x1bd /usr/lib/gcc/arm-none-eabi/13.2.1/../../../arm-none-eabi/lib/thumb/v6-m/nofp/libc_nano.a(libc_a-memset.o)
 .debug_line    0x000012fd      0x1e7 /usr/lib/gcc/arm-none-eabi/13.2.1/../../../arm-none-eabi/lib/thumb/v6-m/nofp/libc_nano.a(libc_a-memcpy-stub.o)

.debug_str      0x00000000    0x86e42
 .debug_str     0x00000000    0x86e42 /tmp/ccge23hf.o
                              0x8241d (size before relaxing)
 .debug_str     0x00086e42    0x80d46 /tmp/ccfhGwIe.o
 .debug_str     0x00086e42     0x7d4f /tmp/cc47givJ.o
 .debug_str     0x00086e42      0x1f3 /usr/lib/gcc/arm-none-eabi/13.2.1/../../../arm-none-eabi/lib/thumb/v6-m/nofp/libc_nano.a(libc_a-init.o)
 .debug_str     0x00086e42      0x1a6 /usr/lib/gcc/arm-none-eabi/13.2.1/../../../arm-none-eabi/lib/thumb/v6-m/nofp/libc_nano.a(libc_a-memset.o)
 .debug_str     0x00086e42      0x1c3 /usr/lib/gcc/arm-none-eabi/13.2.1/../../../arm-none-eabi/lib/thumb/v6-m/nofp/libc_nano.a(libc_a-memcpy-stub.o)

.comment        0x00000000       0x26
 .comment       0x00000000       0x26 /tmp/ccge23hf.o
                                 0x27 (size before relaxing)
 .comment       0x00000026       0x27 /tmp/ccfhGwIe.o
 .comment       0x00000026       0x27 /tmp/cc47givJ.o
 .comment       0x00000026       0x27 /usr/lib/gcc/arm-none-eabi/13.2.1/../../../arm-none-eabi/lib/thumb/v6-m/nofp/libc_nano.a(libc_a-init.o)
 .comment       0x00000026       0x27 /usr/lib/gcc/arm-none-eabi/13.2.1/../../../arm-none-eabi/lib/thumb/v6-m/nofp/libc_nano.a(libc_a-memset.o)
 .comment       0x00000026       0x27 /usr/lib/gcc/arm-none-eabi/13.2.1/../../../arm-none-eabi/lib/thumb/v6-m/nofp/libc_nano.a(libc_a-memcpy-stub.o)

.ARM.attributes
                0x00000000       0x2c
 .ARM.attributes
                0x00000000       0x2c /tmp/ccge23hf.o
 .ARM.attributes
                0x0000002c       0x2c /tmp/ccfhGwIe.o
 .ARM.attributes
                0x00000058       0x2c /tmp/cc47givJ.o
 .ARM.attributes
                0x00000084       0x2c /usr/lib/gcc/arm-none-eabi/13.2.1/../../../arm-none-eabi/lib/thumb/v6-m/nofp/libc_nano.a(libc_a-init.o)
 .ARM.attributes
                0x000000b0       0x2c /usr/lib/gcc/arm-none-eabi/13.2.1/../../../arm-none-eabi/lib/thumb/v6-m/nofp/libc_nano.a(libc_a-memset.o)
 .ARM.attributes
                0x000000dc       0x2c /usr/lib/gcc/arm-none-eabi/13.2.1/../../../arm-none-eabi/lib/thumb/v6-m/nofp/libc_nano.a(libc_a-memcpy-stub.o)

.debug_frame    0x00000000      0x1e8
 .debug_frame   0x00000000       0x74 /tmp/ccge23hf.o
 .debug_frame   0x00000074       0x38 /tmp/ccfhGwIe.o
 .debug_frame   0x000000ac       0xb0 /tmp/cc47givJ.o
 .debug_frame   0x0000015c       0x2c /usr/lib/gcc/arm-none-eabi/13.2.1/../../../arm-none-eabi/lib/thumb/v6-m/nofp/libc_nano.a(libc_a-init.o)
 .debug_frame   0x00000188       0x30 /usr/lib/gcc/arm-none-eabi/13.2.1/../../../arm-none-eabi/lib/thumb/v6-m/nofp/libc_nano.a(libc_a-memset.o)
 .debug_frame   0x000001b8       0x30 /usr/lib/gcc/arm-none-eabi/13.2.1/../../../arm-none-eabi/lib/thumb/v6-m/nofp/libc_nano.a(libc_a-memcpy-stub.o)
